<html>
	<head>
		<link href="/home/jlange/projects/golden_standard/aln_quality/static/quality_color.css" rel="stylesheet" type="text/css" />
	</head>
	<body>
		<pre>
<span class="doc">
1    <span class=featWRONG2>A</span><span class=featWRONG2>B</span><span class=featOK>C</span><span class=featOK>D</span><span class=featWRONG4>E</span><span class=featWRONG4>F</span><span class=featOK>G</span>
3    <span class=featWRONG4>B</span>-<span class=featOK>C</span><span class=featOK>D</span>-<span class=featWRONG2>E</span>-
2    -<span class=featWRONG2>B</span><span class=featOK>C</span><span class=featOK>D</span>-<span class=featWRONG2>E</span>-

</doc>
		</pre>
	</body>
</html>
